# 1. 系统管理

## 目录
- [1. 系统管理](#1-系统管理)
  - [目录](#目录)
  - [1.1 进程与资源实时监控 (top)](#11-进程与资源实时监控-top)
  - [1.2 系统内存查看 (free)](#12-系统内存查看-free)
  - [1.3 磁盘与块设备查看 (lsblk)](#13-磁盘与块设备查看-lsblk)
  - [1.4 设备挂载与卸载 (mount/umount)](#14-设备挂载与卸载-mountumount)
  - [1.5 磁盘使用情况查看 (df)](#15-磁盘使用情况查看-df)
  - [1.6 进程查看与控制 (ps/kill)](#16-进程查看与控制-pskill)
  - [1.7 系统关机 (shutdown)](#17-系统关机-shutdown)

---

## 1.1 进程与资源实时监控 (top)

接着我们来查看一些系统管理相关的命令，比如我们Windows中的任务管理器，我们可以使用`top`命令来打开：

```shell
top - 10:48:46 up  5:52,  1 user,  load average: 0.00, 0.00, 0.00
Tasks: 191 total,   2 running, 189 sleeping,   0 stopped,   0 zombie
%Cpu(s):  0.0 us,  0.2 sy,  0.0 ni, 99.8 id,  0.0 wa,  0.0 hi,  0.0 si,  0.0 st
MiB Mem :   3919.1 total,   2704.2 free,    215.0 used,    999.9 buff/cache
MiB Swap:   3923.0 total,   3923.0 free,      0.0 used.   3521.4 avail Mem 

    PID USER      PR  NI    VIRT    RES    SHR S  %CPU  %MEM     TIME+ COMMAND                       
  10528 test      20   0    8944   3072   2652 R   0.7   0.1   0:00.07 top                           
   9847 root      20   0       0      0      0 I   0.3   0.0   0:00.87 kworker/0:0-events            
      1 root      20   0  102760  10456   7120 S   0.0   0.3   0:02.02 systemd                       
      2 root      20   0       0      0      0 S   0.0   0.0   0:00.01 kthreadd                      
      3 root       0 -20       0      0      0 I   0.0   0.0   0:00.00 rcu_gp                        
      4 root       0 -20       0      0      0 I   0.0   0.0   0:00.00 rcu_par_gp                    
      6 root       0 -20       0      0      0 I   0.0   0.0   0:00.00 kworker/0:0H-kblockd          
      8 root       0 -20       0      0      0 I   0.0   0.0   0:00.00 mm_percpu_wq                  
      9 root      20   0       0      0      0 S   0.0   0.0   0:00.15 ksoftirqd/0                   
     10 root      20   0       0      0      0 R   0.0   0.0   0:01.49 rcu_sched                     
     11 root      rt   0       0      0      0 S   0.0   0.0   0:00.24 migration/0                   
     12 root     -51   0       0      0      0 S   0.0   0.0   0:00.00 idle_inject/0                 
     14 root      20   0       0      0      0 S   0.0   0.0   0:00.00 cpuhp/0                       
     15 root      20   0       0      0      0 S   0.0   0.0   0:00.00 cpuhp/1                       
     16 root     -51   0       0      0      0 S   0.0   0.0   0:00.00 idle_inject/1                 
     17 root      rt   0       0      0      0 S   0.0   0.0   0:00.30 migration/1                   
     18 root      20   0       0      0      0 S   0.0   0.0   0:00.07 ksoftirqd/1                   
     20 root       0 -20       0      0      0 I   0.0   0.0   0:00.00 kworker/1:0H-kblockd  
```

可以很清楚地看到当前CPU的使用情况以及内存的占用情况。

按下数字键1，可以展示所有CPU核心的使用情况：

```shell
%Cpu0  :  0.0 us,  0.0 sy,  0.0 ni,100.0 id,  0.0 wa,  0.0 hi,  0.0 si,  0.0 st
%Cpu1  :  0.0 us,  0.0 sy,  0.0 ni,100.0 id,  0.0 wa,  0.0 hi,  0.0 si,  0.0 st
```

按下f键可以设置以哪一列进行排序或是显示那些参数：

```shell
Fields Management for window 1:Def, whose current sort field is %MEM
   Navigate with Up/Dn, Right selects for move then <Enter> or Left commits,
   'd' or <Space> toggles display, 's' sets sort.  Use 'q' or <Esc> to end!
```

按下q键即可退出监控界面。

## 1.2 系统内存查看 (free)

我们可以直接输入free命令来查看当前系统的内存使用情况：

```shell
test@ubuntu-server:~$ free -m
              total        used        free      shared  buff/cache   available
Mem:           3919         212        2706           1         999        3523
Swap:          3922           0        3922
```

其中`-m`表示以M为单位，也可以`-g`表示以G为单位，默认是kb为单位。

## 1.3 磁盘与块设备查看 (lsblk)

最后就是磁盘容量，我们可以使用`lsblk`来查看所有块设备的信息，其中就包括我们的硬盘、光驱等：

```shell
test@ubuntu-server:~$ lsblk
NAME                      MAJ:MIN RM  SIZE RO TYPE MOUNTPOINT
loop0                       7:0    0 48.9M  1 loop /snap/core18/2127
loop1                       7:1    0 28.1M  1 loop /snap/snapd/12707
loop2                       7:2    0   62M  1 loop /snap/lxd/21032
sr0                        11:0    1 1024M  0 rom  
nvme0n1                   259:0    0   20G  0 disk 
├─nvme0n1p1               259:1    0  512M  0 part /boot/efi
├─nvme0n1p2               259:2    0    1G  0 part /boot
└─nvme0n1p3               259:3    0 18.5G  0 part 
  └─ubuntu--vg-ubuntu--lv 253:0    0 18.5G  0 lvm  /
```

可以看到nvme开头的就是我们的硬盘（这个因人而异，可能你们的是sda，磁盘类型不同名称就不同）可以看到`nvme0n1`容量为20G，并且512M用作存放EFI文件，1G存放启动文件，剩余容量就是存放系统文件和我们的用户目录。

这里要提到一个挂载的概念：

> 挂载，指的就是将设备文件中的顶级目录连接到 Linux 根目录下的某一目录（最好是空目录），访问此目录就等同于访问设备文件。

## 1.4 设备挂载与卸载 (mount/umount)

比如我们的主硬盘，挂载点就被设定为`/`根目录，而我们所有保存的文件都会存储在硬盘中，如果你有U盘（最好将U盘的文件格式改为ExFat，可以直接在Windows中进行格式化，然后随便放入一些文件即可）之类的东西，我们可以演示一下对U盘进行挂载：

```shell
test@ubuntu-server:~$ sudo fdisk -l
...
Disk /dev/sda: 60 GiB, 64424509440 bytes, 125829120 sectors
Disk model: USB DISK        
Units: sectors of 1 * 512 = 512 bytes
Sector size (logical/physical): 512 bytes / 512 bytes
I/O size (minimum/optimal): 512 bytes / 512 bytes
Disklabel type: dos
Disk identifier: 0x4a416279

Device     Boot     Start       End   Sectors  Size Id Type
/dev/sda1  * 614400 125214719 124600320 59.4G  7 HPFS/NTFS/exFAT
/dev/sda2       125214720 125825022    610303  298M  6 FAT16
```

将U盘插入电脑，选择连接到Linux，输入`sudo fdisk -l`命令来查看硬盘实体情况，可以看到有一个USB DISK设备，注意观察一下是不是和自己的U盘容量一致，可以看到设备名称为`/dev/sda1`。

接着我们设备挂载到一个目录下：

```shell
test@ubuntu-server:~$ mkdir u-test
test@ubuntu-server:~$ sudo mount /dev/sda1 u-test/
test@ubuntu-server:~$ cd u-test/
test@ubuntu-server:~/u-test$ ls
 CGI
 cn_windows_10_enterprise_ltsc_2019_x64_dvd_9c09ff24.iso
 cn_windows_7_professional_x64_dvd_x15-65791.iso
 cn_windows_8.1_enterprise_with_update_x64_dvd_6050374.iso
 cn_windows_8.1_professional_vl_with_update_x64_dvd_4050293.iso
 cn_windows_server_2019_updated_july_2020_x64_dvd_2c9b67da.iso
'System Volume Information'
 zh-cn_windows_10_consumer_editions_version_21h1_updated_sep_2021_x64_dvd_991b822f.iso
 zh-cn_windows_11_consumer_editions_x64_dvd_904f13e4.iso
```

最后进入到此目录中，就能看到你U盘中的文件了，如果你不想使用U盘了，可以直接取消挂载：

```shell
test@ubuntu-server:~/u-test$ cd ..
test@ubuntu-server:~$ sudo umount /dev/sda1
```

## 1.5 磁盘使用情况查看 (df)

最后我们可以通过`df`命令查看当前磁盘使用情况：

```shell
test@ubuntu-server:~$ df -m
Filesystem                        1M-blocks  Used Available Use% Mounted on
udev                                   1900     0      1900   0% /dev
tmpfs                                   392     2       391   1% /run
/dev/mapper/ubuntu--vg-ubuntu--lv     18515  6544     11009  38% /
tmpfs                                  1960     0      1960   0% /dev/shm
tmpfs                                     5     0         5   0% /run/lock
tmpfs                                  1960     0      1960   0% /sys/fs/cgroup
/dev/nvme0n1p2                          976   109       800  12% /boot
/dev/nvme0n1p1                          511     4       508   1% /boot/efi
/dev/loop0                               49    49         0 100% /snap/core18/2127
/dev/loop1                               29    29         0 100% /snap/snapd/12707
/dev/loop2                               62    62         0 100% /snap/lxd/21032
tmpfs                                   392     0       392   0% /run/user/1000
```

## 1.6 进程查看与控制 (ps/kill)

输入`ps`可以查看当前运行的一些进程，其实和top有点类似，但是没有监控功能，只能显示当前的。

```shell
test@ubuntu-server:~$ ps
    PID TTY          TIME CMD
  11438 pts/0    00:00:00 bash
  11453 pts/0    00:00:00 ps
```

添加`-ef`查看所有的进程：

```shell
test@ubuntu-server:~$ ps -ef
UID          PID    PPID  C STIME TTY          TIME CMD
root           1       0  0 04:55 ?        00:00:02 /sbin/init
root           2       0  0 04:55 ?        00:00:00 [kthreadd]
root           3       2  0 04:55 ?        00:00:00 [rcu_gp]
root           4       2  0 04:55 ?        00:00:00 [rcu_par_gp]
root           6       2  0 04:55 ?        00:00:00 [kworker/0:0H-kblockd]
...
```

我们可以找到对应的进程ID（PID），使用`kill`命令将其强制终止：

```shell
test@ubuntu-server:~$ ps
    PID TTY          TIME CMD
  11438 pts/0    00:00:00 bash
  11455 pts/0    00:00:00 ps
test@ubuntu-server:~$ kill -9 11438
Connection to 192.168.10.6 closed.
```

比如我们可以将当前会话的bash给杀死，那么会导致我们的连接直接断开，其中`-9`是一个信号，表示杀死进程：

- 1 (HUP)：重新加载进程。
- 9 (KILL)：杀死一个进程。
- 15 (TERM)：正常停止一个进程。

## 1.7 系统关机 (shutdown)

最后如果我们想要正常关机，只需要输入`shutdown`即可，系统会创建一个关机计划，并在指定时间关机，或是添加`now`表示立即关机：

```shell
test@ubuntu-server:~$ sudo shutdown
[sudo] password for test: 
Shutdown scheduled for Mon 2022-01-24 11:46:18 UTC, use 'shutdown -c' to cancel.
test@ubuntu-server:~$ sudo shutdown now
Connection to 192.168.10.6 closed by remote host.
Connection to 192.168.10.6 closed.
```